* nat
-N ISTIO_INBOUND
-N ISTIO_REDIRECT
-N ISTIO_IN_REDIRECT
-N ISTIO_OUTPUT
-A ISTIO_INBOUND -p tcp --dport 15008 -j RETURN
-A ISTIO_REDIRECT -p tcp -j REDIRECT --to-ports 15001
-A ISTIO_IN_REDIRECT -p tcp -j REDIRECT --to-ports 15006
-A PREROUTING -p tcp -j ISTIO_INBOUND
-A ISTIO_INBOUND -p tcp --dport 15020 -j RETURN
-A ISTIO_INBOUND -p tcp --dport 15021 -j RETURN
-A ISTIO_INBOUND -p tcp --dport 15090 -j RETURN
-A ISTIO_INBOUND -p tcp -j ISTIO_IN_REDIRECT
-A OUTPUT -p tcp -j ISTIO_OUTPUT
-A ISTIO_OUTPUT -p tcp --dport 15020 -j RETURN
-A ISTIO_OUTPUT -o lo -s 127.0.0.6/32 -j RETURN
-A ISTIO_OUTPUT -o lo ! -d 127.0.0.1/32 -p tcp -m multiport ! --dports 53,15008 -m owner --uid-owner 1337 -j ISTIO_IN_REDIRECT
-A ISTIO_OUTPUT -o lo -p tcp ! --dport 53 -m owner ! --uid-owner 1337 -j RETURN
-A ISTIO_OUTPUT -m owner --uid-owner 1337 -j RETURN
-A ISTIO_OUTPUT -o lo ! -d 127.0.0.1/32 -p tcp ! --dport 15008 -m owner --gid-owner 1337 -j ISTIO_IN_REDIRECT
-A ISTIO_OUTPUT -o lo -p tcp ! --dport 53 -m owner ! --gid-owner 1337 -j RETURN
-A ISTIO_OUTPUT -m owner --gid-owner 1337 -j RETURN
-A ISTIO_OUTPUT -p tcp --dport 53 -j REDIRECT --to-ports 15053
-A ISTIO_OUTPUT -d 127.0.0.1/32 -j RETURN
-A ISTIO_OUTPUT -j ISTIO_REDIRECT
-A OUTPUT -p udp --dport 53 -m owner --uid-owner 1337 -j RETURN
-A OUTPUT -p udp --dport 53 -m owner --gid-owner 1337 -j RETURN
-A OUTPUT -p udp --dport 53 -j REDIRECT --to-port 15053
COMMIT
* raw
-A OUTPUT -p udp --dport 53 -m owner --uid-owner 1337 -j CT --zone 1
-A OUTPUT -p udp --sport 15053 -m owner --uid-owner 1337 -j CT --zone 2
-A OUTPUT -p udp --dport 53 -m owner --gid-owner 1337 -j CT --zone 1
-A OUTPUT -p udp --sport 15053 -m owner --gid-owner 1337 -j CT --zone 2
-A OUTPUT -p udp --dport 53 -j CT --zone 2
-A PREROUTING -p udp --sport 53 -j CT --zone 1
COMMIT
