apiVersion: v1
data:
  mesh: |-
    accessLogFormat: |
      {
        "key": "val"
      }
    defaultConfig:
      controlPlaneAuthPolicy: NONE
      discoveryAddress: my-discovery:123
      drainDuration: 12s
      tracing:
        zipkin:
          address: zipkin.istio-system:9411
    defaultProviders:
      metrics:
      - prometheus
    enablePrometheusMerge: true
    outboundTrafficPolicy:
      mode: REGISTRY_ONLY
    rootNamespace: istio-control
    trustDomain: cluster.local
  meshNetworks: 'networks: {}'
kind: ConfigMap
metadata:
  labels:
    install.operator.istio.io/owning-resource: unknown
    istio.io/rev: default
    operator.istio.io/component: Pilot
    release: istio
  name: istio
  namespace: istio-system

---
