apiVersion: v1
data:
  mesh: |-
    defaultConfig:
      discoveryAddress: istiod.istio-system.svc:15012
      tracing: {}
    defaultProviders:
      metrics:
      - prometheus
    enablePrometheusMerge: true
    rootNamespace: istio-system
    trustDomain: cluster.local
  meshNetworks: 'networks: {}'
kind: ConfigMap
metadata:
  labels:
    install.operator.istio.io/owning-resource: unknown
    istio.io/rev: default
    operator.istio.io/component: Pilot
    release: istio
  name: istio
  namespace: istio-system

---
